------------------------------------------------------------
TimeQuest Timing Analyzer Summary
------------------------------------------------------------

Type  : Slow Model Setup 'CLOCK_50'
Slack : -5.346
TNS   : -119.870

Type  : Slow Model Setup 'KEY[1]'
Slack : -2.164
TNS   : -122.674

Type  : Slow Model Setup 'clk_div:comb_7|clock_100Khz_reg'
Slack : -0.262
TNS   : -0.334

Type  : Slow Model Setup 'clk_div:comb_7|clock_10Khz_reg'
Slack : -0.242
TNS   : -0.314

Type  : Slow Model Setup 'clk_div:comb_7|clock_1Mhz_reg'
Slack : -0.072
TNS   : -0.152

Type  : Slow Model Setup 'clk_div:comb_7|clock_100hz_reg'
Slack : -0.069
TNS   : -0.149

Type  : Slow Model Setup 'clk_div:comb_7|clock_10Hz_reg'
Slack : -0.062
TNS   : -0.131

Type  : Slow Model Setup 'clk_div:comb_7|clock_1Khz_reg'
Slack : -0.062
TNS   : -0.127

Type  : Slow Model Hold 'CLOCK_50'
Slack : 0.117
TNS   : 0.000

Type  : Slow Model Hold 'clk_div:comb_7|clock_100Khz_reg'
Slack : 0.391
TNS   : 0.000

Type  : Slow Model Hold 'clk_div:comb_7|clock_100hz_reg'
Slack : 0.391
TNS   : 0.000

Type  : Slow Model Hold 'clk_div:comb_7|clock_10Hz_reg'
Slack : 0.391
TNS   : 0.000

Type  : Slow Model Hold 'clk_div:comb_7|clock_10Khz_reg'
Slack : 0.391
TNS   : 0.000

Type  : Slow Model Hold 'clk_div:comb_7|clock_1Khz_reg'
Slack : 0.391
TNS   : 0.000

Type  : Slow Model Hold 'clk_div:comb_7|clock_1Mhz_reg'
Slack : 0.391
TNS   : 0.000

Type  : Slow Model Hold 'KEY[1]'
Slack : 0.531
TNS   : 0.000

Type  : Slow Model Minimum Pulse Width 'KEY[1]'
Slack : -1.423
TNS   : -210.524

Type  : Slow Model Minimum Pulse Width 'CLOCK_50'
Slack : -1.380
TNS   : -76.380

Type  : Slow Model Minimum Pulse Width 'clk_div:comb_7|clock_100Khz_reg'
Slack : -0.500
TNS   : -4.000

Type  : Slow Model Minimum Pulse Width 'clk_div:comb_7|clock_100hz_reg'
Slack : -0.500
TNS   : -4.000

Type  : Slow Model Minimum Pulse Width 'clk_div:comb_7|clock_10Hz_reg'
Slack : -0.500
TNS   : -4.000

Type  : Slow Model Minimum Pulse Width 'clk_div:comb_7|clock_10Khz_reg'
Slack : -0.500
TNS   : -4.000

Type  : Slow Model Minimum Pulse Width 'clk_div:comb_7|clock_1Khz_reg'
Slack : -0.500
TNS   : -4.000

Type  : Slow Model Minimum Pulse Width 'clk_div:comb_7|clock_1Mhz_reg'
Slack : -0.500
TNS   : -4.000

Type  : Fast Model Setup 'CLOCK_50'
Slack : -1.994
TNS   : -23.721

Type  : Fast Model Setup 'KEY[1]'
Slack : -0.979
TNS   : -32.810

Type  : Fast Model Setup 'clk_div:comb_7|clock_100Khz_reg'
Slack : 0.419
TNS   : 0.000

Type  : Fast Model Setup 'clk_div:comb_7|clock_10Khz_reg'
Slack : 0.431
TNS   : 0.000

Type  : Fast Model Setup 'clk_div:comb_7|clock_1Mhz_reg'
Slack : 0.506
TNS   : 0.000

Type  : Fast Model Setup 'clk_div:comb_7|clock_100hz_reg'
Slack : 0.508
TNS   : 0.000

Type  : Fast Model Setup 'clk_div:comb_7|clock_10Hz_reg'
Slack : 0.509
TNS   : 0.000

Type  : Fast Model Setup 'clk_div:comb_7|clock_1Khz_reg'
Slack : 0.510
TNS   : 0.000

Type  : Fast Model Hold 'CLOCK_50'
Slack : -0.023
TNS   : -0.032

Type  : Fast Model Hold 'clk_div:comb_7|clock_100Khz_reg'
Slack : 0.215
TNS   : 0.000

Type  : Fast Model Hold 'clk_div:comb_7|clock_100hz_reg'
Slack : 0.215
TNS   : 0.000

Type  : Fast Model Hold 'clk_div:comb_7|clock_10Hz_reg'
Slack : 0.215
TNS   : 0.000

Type  : Fast Model Hold 'clk_div:comb_7|clock_10Khz_reg'
Slack : 0.215
TNS   : 0.000

Type  : Fast Model Hold 'clk_div:comb_7|clock_1Khz_reg'
Slack : 0.215
TNS   : 0.000

Type  : Fast Model Hold 'clk_div:comb_7|clock_1Mhz_reg'
Slack : 0.215
TNS   : 0.000

Type  : Fast Model Hold 'KEY[1]'
Slack : 0.243
TNS   : 0.000

Type  : Fast Model Minimum Pulse Width 'KEY[1]'
Slack : -1.423
TNS   : -210.524

Type  : Fast Model Minimum Pulse Width 'CLOCK_50'
Slack : -1.380
TNS   : -76.380

Type  : Fast Model Minimum Pulse Width 'clk_div:comb_7|clock_100Khz_reg'
Slack : -0.500
TNS   : -4.000

Type  : Fast Model Minimum Pulse Width 'clk_div:comb_7|clock_100hz_reg'
Slack : -0.500
TNS   : -4.000

Type  : Fast Model Minimum Pulse Width 'clk_div:comb_7|clock_10Hz_reg'
Slack : -0.500
TNS   : -4.000

Type  : Fast Model Minimum Pulse Width 'clk_div:comb_7|clock_10Khz_reg'
Slack : -0.500
TNS   : -4.000

Type  : Fast Model Minimum Pulse Width 'clk_div:comb_7|clock_1Khz_reg'
Slack : -0.500
TNS   : -4.000

Type  : Fast Model Minimum Pulse Width 'clk_div:comb_7|clock_1Mhz_reg'
Slack : -0.500
TNS   : -4.000

------------------------------------------------------------
